// Jest Snapshot v1, https://goo.gl/fbAQLP

exports[`<ExpandableSection/> should the right markup with the right classes 1`] = `
<div
  className="slds-section slds-is-open"
  style={undefined}
>
  <h3
    className="slds-section__title"
  >
    <button
      aria-controls="expandable-section-1"
      aria-expanded={true}
      className="slds-button slds-section__title-action"
      onClick={[Function]}
    >
      <svg
        aria-hidden="true"
        className="slds-section__title-action-icon slds-button__icon slds-button__icon_left"
        style={undefined}
      >
        <use
          xlinkHref="/icons/utility-sprite/svg/symbols.svg#switch"
          xmlnsXlink="http://www.w3.org/1999/xlink"
        />
      </svg>
      <span
        className="slds-truncate"
      >
        Section Title
      </span>
    </button>
  </h3>
  <div
    aria-hidden={false}
    className="slds-section__content"
    id="expandable-section-1"
  >
    Aenean eu leo quam. Pellentesque ornare sem lacinia quam venenatis vestibulum. Fusce dapibus, tellus ac cursus commodo, tortor mauris condimentum nibh, ut fermentum massa justo sit amet risus. Lorem ipsum dolor sit amet, consectetur adipiscing elit. Nullam quis risus eget urna mollis ornare vel eu leo. Nulla vitae elit libero, a pharetra augue.
  </div>
</div>
`;
