// Jest Snapshot v1, https://goo.gl/fbAQLP

exports[`<Card/> should have the right class names 1`] = `
<article
  className="rainbow-card"
>
  <div
    className="rainbow-card__header rainbow-grid"
  >
    <header
      className="rainbow-media rainbow-media_center rainbow-has-flexi-truncate"
    >
      <div
        className="rainbow-media__body"
      >
        <h2>
          <a
            className="rainbow-card__header-link rainbow-truncate"
            href="javascript:void(0);"
          >
            <span
              className="rainbow-text-heading_small"
            >
              Card Header
            </span>
          </a>
        </h2>
      </div>
    </header>
    <div
      className="rainbow-no-flex"
    >
      <div>
        Testing actions node
      </div>
    </div>
  </div>
  <div
    className="rainbow-card__body rainbow-card__body_inner"
  >
    <div>
      Testing childrens
    </div>
  </div>
  <footer
    className="rainbow-card__footer"
  >
    Card Footer
  </footer>
</article>
`;
