// Jest Snapshot v1, https://goo.gl/fbAQLP

exports[`<MenuItem/> should have the right class names when a custom className is passed 1`] = `
<li
  className="slds-dropdown__item my-class-name"
  onClick={[Function]}
  role="presentation"
>
  <a
    aria-disabled={false}
    href="javascript:void(0);"
    role="menuitem"
  >
    <span
      className="slds-truncate"
    >
      menu item 1
    </span>
  </a>
</li>
`;

exports[`<MenuItem/> should have the right class names when variant is header and have a custom className 1`] = `
<li
  className="slds-dropdown__header slds-truncate my-header-class-name"
  role="separator"
>
  <span
    className="slds-text-title_caps"
  >
    menu item 2
  </span>
</li>
`;
