// Jest Snapshot v1, https://goo.gl/fbAQLP

exports[`<Button/> should have proper classes when variant is brand 1`] = `
<button
  aria-haspopup={false}
  className="slds-button slds-button--brand"
  disabled={false}
  onBlur={[Function]}
  onClick={[Function]}
  onFocus={[Function]}
  style={undefined}
  tabIndex={undefined}
  title={undefined}
>
  Button label
</button>
`;
