// Jest Snapshot v1, https://goo.gl/fbAQLP

exports[`<LeftIcon in the Button compoent/> should have the right class names when the iconName is passed and position is left 1`] = `
<svg
  aria-hidden={true}
  className="slds-button__icon slds-button__icon_left"
  style={Object {}}
>
  <use
    xlinkHref="/icons/utility-sprite/svg/symbols.svg#world"
    xmlnsXlink="http://www.w3.org/1999/xlink"
  />
</svg>
`;
