// Jest Snapshot v1, https://goo.gl/fbAQLP

exports[`<Breadcrumbs/> should render a Breadcrumbs with its childrens 1`] = `
<nav
  aria-label="Breadcrumbs"
  style={undefined}
>
  <ol
    className="slds-breadcrumb slds-list_horizontal slds-wrap"
  >
    <li
      className="slds-breadcrumb__item slds-text-title_caps"
      style={undefined}
    >
      <a
        href="javascript:void(0);"
        onClick={undefined}
      >
        Parent entity
      </a>
    </li>
    <li
      className="slds-breadcrumb__item slds-text-title_caps"
      style={undefined}
    >
      <a
        href="javascript:void(0);"
        onClick={undefined}
      >
        Parent record name
      </a>
    </li>
  </ol>
</nav>
`;
